[2026-09-09 12:48:21,958][robosuite_logs][WARNING] - No private macro file found!
[2026-09-09 12:48:21,958][robosuite_logs][WARNING] - It is recommended to use a private macro file
[2026-09-09 12:48:21,958][robosuite_logs][WARNING] - To setup, run: python /home/jungwook/miniconda3/envs/manibot/lib/python3.12/site-packages/robosuite/scripts/setup_macros.py
[2026-09-09 12:48:21,986][OpenGL.acceleratesupport][INFO] - No OpenGL_accelerate module loaded: No module named 'OpenGL_accelerate'
[2026-09-09 12:48:22,214][robosuite_logs][WARNING] - Could not import robosuite_models. Some robots may not be available. If you want to use these robots, please install robosuite_models from source (https://github.com/ARISE-Initiative/robosuite_models) or through pip install.
[2026-09-09 12:48:22,214][robosuite_logs][WARNING] - Could not load the mink-based whole-body IK. Make sure you install related import properly (e.g. pip install mink==0.0.5), otherwise you will not be able to use the default IK controller setting for GR1 robot.
[2026-09-09 12:48:22,228][robosuite_logs][INFO] - Loading controller configuration from: /home/jungwook/miniconda3/envs/manibot/lib/python3.12/site-packages/robosuite/controllers/config/default/composite/basic.json
[2026-09-09 12:48:22,509][robosuite_logs][WARNING] - The config has defined for the controller "left", but the robot does not have this component. Skipping, but make sure this is intended.Removing the controller config for left from self.part_controller_config.
[2026-09-09 12:48:22,509][robosuite_logs][WARNING] - The config has defined for the controller "torso", but the robot does not have this component. Skipping, but make sure this is intended.Removing the controller config for torso from self.part_controller_config.
[2026-09-09 12:48:22,509][robosuite_logs][WARNING] - The config has defined for the controller "head", but the robot does not have this component. Skipping, but make sure this is intended.Removing the controller config for head from self.part_controller_config.
[2026-09-09 12:48:22,509][robosuite_logs][WARNING] - The config has defined for the controller "base", but the robot does not have this component. Skipping, but make sure this is intended.Removing the controller config for base from self.part_controller_config.
[2026-09-09 12:48:22,509][robosuite_logs][WARNING] - The config has defined for the controller "legs", but the robot does not have this component. Skipping, but make sure this is intended.Removing the controller config for legs from self.part_controller_config.
[2026-09-09 12:48:22,748][robosuite_logs][WARNING] - The config has defined for the controller "left", but the robot does not have this component. Skipping, but make sure this is intended.Removing the controller config for left from self.part_controller_config.
[2026-09-09 12:48:22,748][robosuite_logs][WARNING] - The config has defined for the controller "torso", but the robot does not have this component. Skipping, but make sure this is intended.Removing the controller config for torso from self.part_controller_config.
[2026-09-09 12:48:22,748][robosuite_logs][WARNING] - The config has defined for the controller "head", but the robot does not have this component. Skipping, but make sure this is intended.Removing the controller config for head from self.part_controller_config.
[2026-09-09 12:48:22,748][robosuite_logs][WARNING] - The config has defined for the controller "base", but the robot does not have this component. Skipping, but make sure this is intended.Removing the controller config for base from self.part_controller_config.
[2026-09-09 12:48:22,748][robosuite_logs][WARNING] - The config has defined for the controller "legs", but the robot does not have this component. Skipping, but make sure this is intended.Removing the controller config for legs from self.part_controller_config.
[2026-09-09 12:48:22,758][manibot.utils.seeding][INFO] - 배치 샘플러 3개 시드 고정 (seed=0)
[2026-09-09 12:48:22,955][robosuite_logs][WARNING] - The config has defined for the controller "left", but the robot does not have this component. Skipping, but make sure this is intended.Removing the controller config for left from self.part_controller_config.
[2026-09-09 12:48:22,955][robosuite_logs][WARNING] - The config has defined for the controller "torso", but the robot does not have this component. Skipping, but make sure this is intended.Removing the controller config for torso from self.part_controller_config.
[2026-09-09 12:48:22,955][robosuite_logs][WARNING] - The config has defined for the controller "head", but the robot does not have this component. Skipping, but make sure this is intended.Removing the controller config for head from self.part_controller_config.
[2026-09-09 12:48:22,955][robosuite_logs][WARNING] - The config has defined for the controller "base", but the robot does not have this component. Skipping, but make sure this is intended.Removing the controller config for base from self.part_controller_config.
[2026-09-09 12:48:22,955][robosuite_logs][WARNING] - The config has defined for the controller "legs", but the robot does not have this component. Skipping, but make sure this is intended.Removing the controller config for legs from self.part_controller_config.
